2024-11-28T09:23:36.226Z | [32minfo[39m | 🚀 Server listening on http://127.0.0.1:9000 | {"env":"testing"}
